========= COMPUTE-SANITIZER
========= Invalid __global__ read of size 4 bytes
=========     at parallel_nsa_fwd_kernel_probe+0x60 in sanitizer_probe.py:20
=========     by thread (0,0,0) in block (0,0,0)
=========     Address 0xb13c00040 is out of bounds
=========     and is 1 bytes after the nearest allocation at 0xb13c00000 of size 64 bytes
=========     Saved host backtrace up to driver entry point at kernel launch time
=========         Host Frame: launch [0x1ea4] in __triton_launcher.cpython-312-x86_64-linux-gnu.so
=========         Host Frame:  [0x181c7f] in python
=========         Host Frame: PyObject_Call [0x14b0ab] in python
=========         Host Frame: _PyEval_EvalFrameDefault [0x1db13d] in python
=========         Host Frame: _PyObject_Call_Prepend [0x14a781] in python
=========         Host Frame:  [0x1a31b7] in python
=========         Host Frame: PyObject_Call [0x14b0ab] in python
=========         Host Frame: _PyEval_EvalFrameDefault [0x1db13d] in python
=========         Host Frame:  [0x14cb33] in python
=========         Host Frame: PyObject_Call [0x14b154] in python
=========         Host Frame: _PyEval_EvalFrameDefault [0x1db13d] in python
=========         Host Frame: PyEval_EvalCode [0x1d544a] in python
=========         Host Frame:  [0x2085a1] in python
=========         Host Frame:  [0x2b5032] in python
=========         Host Frame: _PyRun_SimpleFileObject [0x2b4d99] in python
=========         Host Frame: _PyRun_AnyFileObject [0x2b4bce] in python
=========         Host Frame: Py_RunMain [0x2bcc34] in python
=========         Host Frame: Py_BytesMain [0x2bc71c] in python
=========         Host Frame:  [0x2a1c9] in libc.so.6
=========         Host Frame: __libc_start_main [0x2a28a] in libc.so.6
=========         Host Frame: _start [0x257bc4] in python
=========         Host Frame: __call__ in driver.py:708
=========         Host Frame: run in jit.py:617
=========         Host Frame: <lambda> in jit.py:390
=========         Host Frame: main in sanitizer_probe.py:29
========= 
========= Program hit cudaErrorUnknown (error 999) due to "unknown error" on CUDA API call to cudaDeviceSynchronize.
=========     Saved host backtrace up to driver entry point at error
=========         Host Frame: c10::cuda::device_synchronize() [0x52b66] in libc10_cuda.so
=========         Host Frame: THCPModule_cudaSynchronize(_object*, _object*) [0xba8e04] in libtorch_python.so
=========         Host Frame:  [0x181849] in python
=========         Host Frame: PyObject_Vectorcall [0x149934] in python
=========         Host Frame: _PyEval_EvalFrameDefault [0x1d6f08] in python
=========         Host Frame: PyEval_EvalCode [0x1d544a] in python
=========         Host Frame:  [0x2085a1] in python
=========         Host Frame:  [0x2b5032] in python
=========         Host Frame: _PyRun_SimpleFileObject [0x2b4d99] in python
=========         Host Frame: _PyRun_AnyFileObject [0x2b4bce] in python
=========         Host Frame: Py_RunMain [0x2bcc34] in python
=========         Host Frame: Py_BytesMain [0x2bc71c] in python
=========         Host Frame:  [0x2a1c9] in libc.so.6
=========         Host Frame: __libc_start_main [0x2a28a] in libc.so.6
=========         Host Frame: _start [0x257bc4] in python
=========         Host Frame: synchronize in __init__.py:1085
=========         Host Frame: main in sanitizer_probe.py:32
========= 
========= Program hit cudaErrorUnknown (error 999) due to "unknown error" on CUDA API call to cudaGetLastError.
=========     Saved host backtrace up to driver entry point at error
=========         Host Frame: c10::cuda::c10_cuda_check_implementation(int, char const*, char const*, int, bool) [0x526bc] in libc10_cuda.so
=========         Host Frame: c10::cuda::device_synchronize() [0x52b86] in libc10_cuda.so
=========         Host Frame: THCPModule_cudaSynchronize(_object*, _object*) [0xba8e04] in libtorch_python.so
=========         Host Frame:  [0x181849] in python
=========         Host Frame: PyObject_Vectorcall [0x149934] in python
=========         Host Frame: _PyEval_EvalFrameDefault [0x1d6f08] in python
=========         Host Frame: PyEval_EvalCode [0x1d544a] in python
=========         Host Frame:  [0x2085a1] in python
=========         Host Frame:  [0x2b5032] in python
=========         Host Frame: _PyRun_SimpleFileObject [0x2b4d99] in python
=========         Host Frame: _PyRun_AnyFileObject [0x2b4bce] in python
=========         Host Frame: Py_RunMain [0x2bcc34] in python
=========         Host Frame: Py_BytesMain [0x2bc71c] in python
=========         Host Frame:  [0x2a1c9] in libc.so.6
=========         Host Frame: __libc_start_main [0x2a28a] in libc.so.6
=========         Host Frame: _start [0x257bc4] in python
=========         Host Frame: synchronize in __init__.py:1085
=========         Host Frame: main in sanitizer_probe.py:32
========= 
========= ERROR SUMMARY: 3 errors
